=== seeder log tail ===
  wrote ours-5x5-k6: [[50,6,4]] (exact)
  wrote ours-6x6-k6: [[72,6,6]] (exact)
  wrote ours-7x8-k6: [[112,6,7]] (exact)
  wrote ours-8x8-k6: [[128,6,8]] (exact)
  wrote ours-8x10-k6: [[160,6,9]] (exact)
  wrote ours-9x10-k6: [[180,6,10]] (exact)
  wrote ours-12x14-k6: [[336,6,14]] (exact)
  wrote paper-8x8-k8: [[128,8,6]] (exact)
  wrote paper-10x10-k8: [[200,8,9]] (exact)
  wrote paper-12x12-k8: [[288,8,12]] (exact)
  wrote paper-6x8-k6: [[88,6,6]] (exact)
  SKIP paper k6 (5,7): no matching notch build
  wrote ours-7x7-k5: [[91,5,7]] (exact)
  wrote ours-8x8-k5: [[120,5,8]] (exact)
  wrote k12-11x9: [[198,12,7]] (exact)
done
=== verify_all ===
PASS  codes/k12-11x9.json  -> earned d7 (upper_bound)
PASS  codes/ours-12x14-k6.json  -> earned d14 (upper_bound)
PASS  codes/ours-5x5-k6.json  -> earned d4 (upper_bound)
PASS  codes/ours-6x6-k6.json  -> earned d6 (upper_bound)
PASS  codes/ours-7x7-k5.json  -> earned d7 (upper_bound)
PASS  codes/ours-7x8-k6.json  -> earned d7 (upper_bound)
PASS  codes/ours-8x10-k6.json  -> earned d9 (upper_bound)
PASS  codes/ours-8x8-k5.json  -> earned d8 (upper_bound)
PASS  codes/ours-8x8-k6.json  -> earned d8 (upper_bound)
PASS  codes/ours-9x10-k6.json  -> earned d10 (upper_bound)
PASS  codes/paper-10x10-k8.json  -> earned d9 (upper_bound)
PASS  codes/paper-12x12-k8.json  -> earned d12 (upper_bound)
PASS  codes/paper-6x8-k6.json  -> earned d6 (upper_bound)
PASS  codes/paper-8x8-k8.json  -> earned d6 (upper_bound)
PASS  examples/72-6-6.json  -> earned d6 (upper_bound)

15/15 passed
=== build site ===
wrote docs/index.html: 14 codes, 2 tracks
=== commit ===
